Reusing configuration cache.
> Task :checkKotlinGradlePluginConfigurationErrors SKIPPED
> Task :compileKotlin
> Task :compileJava

BUILD SUCCESSFUL in 9s
2 actionable tasks: 2 executed
Configuration cache entry reused.
